.venv\Scripts\python 
: EE
所在位置 行:1 字符: 1
+ .venv\Scripts\pytho
n tests/test_voice_in
tegration.py > test_o
utput.tx ...
+ ~~~~~~~~~~~~~~~~~~~
~~~~~~~~~~~~~~~~~~~~~
~~~~~~~~~~~~~~~~~~~~~
~~~~~~~~
    + CategoryInfo   
           : NotSpe  
  cified: (EE:Stri   
 ng) [], RemoteEx    
ception
    + FullyQualified 
   ErrorId : Native  
  CommandError
 
=====================
=====================
=====================
=======
ERROR: test_serial_en
gine_speak (__main__.
TestSerialVoice.test_
serial_engine_speak)
测试串口引擎发送数据
---------------------
---------------------
---------------------
-------
Traceback (most recen
t call last):
  File "C:\01_work\02
_program\废弃物AI识别指导投放项
目\tests\test_voice_in
tegration.py", line 1
6, in setUp
    self.mock_serial 
= self.serial_patcher
.start()
                     
  ^^^^^^^^^^^^^^^^^^^
^^^^^^^^
  File "C:\Users\2760
0\AppData\Local\Progr
ams\Python\Python312\
Lib\unittest\mock.py"
, line 1624, in start
    result = self.__e
nter__()
             ^^^^^^^^
^^^^^^^^
  File "C:\Users\2760
0\AppData\Local\Progr
ams\Python\Python312\
Lib\unittest\mock.py"
, line 1451, in __ent
er__
    self.target = sel
f.getter()
                  ^^^
^^^^^^^^^^
  File "C:\Users\2760
0\AppData\Local\Progr
ams\Python\Python312\
Lib\pkgutil.py", line
 513, in resolve_name
    mod = importlib.i
mport_module(modname)
          ^^^^^^^^^^^
^^^^^^^^^^^^^^^^^^^^^
  File "C:\Users\2760
0\AppData\Local\Progr
ams\Python\Python312\
Lib\importlib\__init_
_.py", line 90, in im
port_module
    return _bootstrap
._gcd_import(name[lev
el:], package, level)
           ^^^^^^^^^^
^^^^^^^^^^^^^^^^^^^^^
^^^^^^^^^^^^^^^^^^^^^
  File "<frozen impor
tlib._bootstrap>", li
ne 1387, in _gcd_impo
rt
  File "<frozen impor
tlib._bootstrap>", li
ne 1360, in _find_and
_load
  File "<frozen impor
tlib._bootstrap>", li
ne 1324, in _find_and
_load_unlocked
ModuleNotFoundError: 
No module named 'seri
al'

=====================
=====================
=====================
=======
ERROR: test_voice_gui
de_integration (__mai
n__.TestSerialVoice.t
est_voice_guide_integ
ration)
测试VoiceGuide集成
---------------------
---------------------
---------------------
-------
Traceback (most recen
t call last):
  File "C:\01_work\02
_program\废弃物AI识别指导投放项
目\tests\test_voice_in
tegration.py", line 1
6, in setUp
    self.mock_serial 
= self.serial_patcher
.start()
                     
  ^^^^^^^^^^^^^^^^^^^
^^^^^^^^
  File "C:\Users\2760
0\AppData\Local\Progr
ams\Python\Python312\
Lib\unittest\mock.py"
, line 1624, in start
    result = self.__e
nter__()
             ^^^^^^^^
^^^^^^^^
  File "C:\Users\2760
0\AppData\Local\Progr
ams\Python\Python312\
Lib\unittest\mock.py"
, line 1451, in __ent
er__
    self.target = sel
f.getter()
                  ^^^
^^^^^^^^^^
  File "C:\Users\2760
0\AppData\Local\Progr
ams\Python\Python312\
Lib\pkgutil.py", line
 513, in resolve_name
    mod = importlib.i
mport_module(modname)
          ^^^^^^^^^^^
^^^^^^^^^^^^^^^^^^^^^
  File "C:\Users\2760
0\AppData\Local\Progr
ams\Python\Python312\
Lib\importlib\__init_
_.py", line 90, in im
port_module
    return _bootstrap
._gcd_import(name[lev
el:], package, level)
           ^^^^^^^^^^
^^^^^^^^^^^^^^^^^^^^^
^^^^^^^^^^^^^^^^^^^^^
  File "<frozen impor
tlib._bootstrap>", li
ne 1387, in _gcd_impo
rt
  File "<frozen impor
tlib._bootstrap>", li
ne 1360, in _find_and
_load
  File "<frozen impor
tlib._bootstrap>", li
ne 1324, in _find_and
_load_unlocked
ModuleNotFoundError: 
No module named 'seri
al'

---------------------
---------------------
---------------------
-------
Ran 2 tests in 0.002s

FAILED (errors=2)
pygame 2.6.1 (SDL 2.28.4, Python 3.12.8)
Hello from the pygame community. https://www.pygame.org/contribute.html
